// Jest Snapshot v1, https://goo.gl/fbAQLP

exports[`ProductCard renders correctly 1`] = `
<div>
  <div
    class="MuiPaper-root MuiPaper-elevation MuiPaper-rounded MuiPaper-elevation1 MuiCard-root css-1ri6ub7-MuiPaper-root-MuiCard-root"
  >
    <button
      class="MuiButtonBase-root MuiCardActionArea-root css-1oitmrd-MuiButtonBase-root-MuiCardActionArea-root"
      tabindex="0"
      type="button"
    >
      <img
        alt="Smartphone Image"
        class="MuiCardMedia-root MuiCardMedia-media MuiCardMedia-img css-o69gx8-MuiCardMedia-root"
        height="140"
        src="path/to/smartphone.jpg"
      />
      <div
        class="MuiCardContent-root css-46bh2p-MuiCardContent-root"
      >
        <div
          class="MuiTypography-root MuiTypography-h5 MuiTypography-gutterBottom css-h93ljk-MuiTypography-root"
        >
          Smartphone
        </div>
        <p
          class="MuiTypography-root MuiTypography-body2 css-r40f8v-MuiTypography-root"
        >
          High-performance smartphone with advanced features.
          electronics
          499.99
        </p>
      </div>
      <span
        class="MuiCardActionArea-focusHighlight css-1v2exvi-MuiCardActionArea-focusHighlight"
      />
    </button>
  </div>
</div>
`;
